// Jest Snapshot v1, https://goo.gl/fbAQLP

exports[`should render AddPlaylistPage correctly 1`] = `
<div>
  <h1>
    เพิ่มรายการสวดมนต์
  </h1>
  <Connect(PlaylistForm)
    onSubmit={[Function]}
  />
</div>
`;
