// Jest Snapshot v1, https://goo.gl/fbAQLP

exports[`should render EachLyric correctly 1`] = `
<div>
  (นำ) หันทะ มะยัง สัพพะปัตติทานะคาถาโย ภะณามะ เส.
</div>
`;
