// Jest Snapshot v1, https://goo.gl/fbAQLP

exports[`should render PlaylistPage correctly 1`] = `
<div>
  <Connect(PlaylistLists) />
</div>
`;
