// Jest Snapshot v1, https://goo.gl/fbAQLP

exports[`should render TransPrayerListItem correctly 1`] = `
<div>
  <h3 />
  <p />
</div>
`;
