// Jest Snapshot v1, https://goo.gl/fbAQLP

exports[`should render TransPrayerPage correctly 1`] = `
<div>
  <Connect(TransPrayerLists) />
</div>
`;
